b1:
  in:  ('mul', ('result', 'i')), ('sub', ('i', 'one'))
  out: ∅
header:
  in:  ∅
  out: ∅
body:
  in:  ∅
  out: ('mul', ('result', 'i')), ('sub', ('i', 'one'))
end:
  in:  ∅
  out: ∅
