This is the reverse order:  ['entry', 'A', 'C', 'B']
