This is the reverse order:  ['b0', 'cmpval', 'else1', 'if1', 'loopbound', 'updateval', 'else2', 'if2', 'programend']
